[2026-02-18 11:09:46] ERROR: look_odds error for Cincinnati Gaynor Cup - ženy - To Win Match: No player names found for To Win Match
[2026-02-18 11:10:10] ERROR: look_odds error for Cincinnati Gaynor Cup - ženy - To Win Match: No player names found for To Win Match
[2026-02-18 11:10:36] ERROR: look_odds error for Cincinnati Gaynor Cup - ženy - To Win Match: No player names found for To Win Match
[2026-02-18 11:11:02] ERROR: look_odds error for Cincinnati Gaynor Cup - ženy - To Win Match: No player names found for To Win Match
[2026-02-18 11:11:25] ERROR: look_odds error for Cincinnati Gaynor Cup - ženy - To Win Match: No player names found for To Win Match
[2026-02-18 11:11:52] ERROR: look_odds error for Cincinnati Gaynor Cup - ženy - To Win Match: No player names found for To Win Match
[2026-02-18 11:12:16] ERROR: look_odds error for Cincinnati Gaynor Cup - ženy - To Win Match: No player names found for To Win Match
[2026-02-18 11:12:41] ERROR: look_odds error for Cincinnati Gaynor Cup - ženy - To Win Match: No player names found for To Win Match
[2026-02-18 11:13:08] ERROR: look_odds error for Cincinnati Gaynor Cup - ženy - To Win Match: No player names found for To Win Match
[2026-02-18 11:13:36] ERROR: look_odds error for Cincinnati Gaynor Cup - ženy - To Win Match: No player names found for To Win Match
[2026-02-18 11:14:02] ERROR: look_odds error for Cincinnati Gaynor Cup - ženy - To Win Match: No player names found for To Win Match
[2026-02-18 11:14:29] ERROR: look_odds error for Cincinnati Gaynor Cup - ženy - To Win Match: No player names found for To Win Match
[2026-02-18 11:14:52] ERROR: look_odds error for Cincinnati Gaynor Cup - ženy - To Win Match: No player names found for To Win Match
[2026-02-18 11:15:21] ERROR: look_odds error for Cincinnati Gaynor Cup - ženy - To Win Match: No player names found for To Win Match
[2026-02-18 11:15:48] ERROR: look_odds error for Cincinnati Gaynor Cup - ženy - To Win Match: No player names found for To Win Match
[2026-02-18 11:16:11] ERROR: look_odds error for Cincinnati Gaynor Cup - ženy - To Win Match: No player names found for To Win Match
[2026-02-18 11:16:35] ERROR: look_odds error for Cincinnati Gaynor Cup - ženy - To Win Match: No player names found for To Win Match
[2026-02-18 11:17:03] ERROR: look_odds error for Cincinnati Gaynor Cup - ženy - To Win Match: No player names found for To Win Match
[2026-02-18 11:17:30] ERROR: look_odds error for Cincinnati Gaynor Cup - ženy - To Win Match: No player names found for To Win Match
[2026-02-18 11:17:57] ERROR: look_odds error for Cincinnati Gaynor Cup - ženy - To Win Match: No player names found for To Win Match
[2026-02-18 11:18:21] ERROR: look_odds error for Cincinnati Gaynor Cup - ženy - To Win Match: No player names found for To Win Match
[2026-02-18 11:18:45] ERROR: look_odds error for Cincinnati Gaynor Cup - ženy - To Win Match: No player names found for To Win Match
[2026-02-18 11:19:11] ERROR: look_odds error for Cincinnati Gaynor Cup - ženy - To Win Match: No player names found for To Win Match
[2026-02-18 11:19:35] ERROR: look_odds error for Cincinnati Gaynor Cup - ženy - To Win Match: No player names found for To Win Match
[2026-02-18 11:19:58] ERROR: look_odds error for Cincinnati Gaynor Cup - ženy - To Win Match: No player names found for To Win Match
[2026-02-18 11:20:22] ERROR: look_odds error for Cincinnati Gaynor Cup - ženy - To Win Match: No player names found for To Win Match
[2026-02-18 11:20:46] ERROR: look_odds error for Cincinnati Gaynor Cup - ženy - To Win Match: No player names found for To Win Match
[2026-02-18 11:21:14] ERROR: look_odds error for Cincinnati Gaynor Cup - ženy - To Win Match: No player names found for To Win Match
[2026-02-18 11:21:38] ERROR: look_odds error for Cincinnati Gaynor Cup - ženy - To Win Match: No player names found for To Win Match
[2026-02-18 11:22:05] ERROR: look_odds error for Cincinnati Gaynor Cup - ženy - To Win Match: No player names found for To Win Match
[2026-02-18 11:22:29] ERROR: look_odds error for Cincinnati Gaynor Cup - ženy - To Win Match: No player names found for To Win Match
[2026-02-18 11:22:56] ERROR: look_odds error for Cincinnati Gaynor Cup - ženy - To Win Match: No player names found for To Win Match
[2026-02-18 11:23:25] ERROR: look_odds error for Cincinnati Gaynor Cup - ženy - To Win Match: No player names found for To Win Match
[2026-02-18 11:25:39] ERROR: look_odds error for Cincinnati Gaynor Cup - ženy - To Win Match: No module named 'requests'
[2026-02-18 11:26:01] ERROR: look_odds error for Cincinnati Gaynor Cup - ženy - To Win Match: No module named 'requests'
[2026-03-03 21:39:05] ERROR: Login button detected — session expired, re-logging in
